// Jest Snapshot v1, https://goo.gl/fbAQLP

exports[`Util: smartCrop should intelligently choose area to extract from image based on expected width and height 1`] = `
{
  "height": 480,
  "score": {
    "boost": 0,
    "detail": 5.894118501477973,
    "saturation": 134.93480204310322,
    "skin": 0,
    "total": 0.00022388159034127683,
  },
  "width": 480,
  "x": 75,
  "y": 0,
}
`;
